  ZipArchive.cpp
  Aes.cpp
  BaseLibCompressor.cpp
  Bzip2Compressor.cpp
  DeflateCompressor.cpp
  DirEnumerator.cpp
  FileFilter.cpp
  Hmac.cpp
  RandomPool.cpp
  Sha1.cpp
  Wildcard.cpp
  ZipAesCryptograph.cpp
  ZipAutoBuffer.cpp
  ZipCentralDir.cpp
  ZipCompatibility.cpp
  ZipCompressor.cpp
  ZipCrc32Cryptograph.cpp
  ZipCryptograph.cpp
  ZipException.cpp
  ZipExtraData.cpp
  ZipExtraField.cpp
  Trwa kompilowanie...
  ZipFile_mfc.cpp
  ZipFile_stl.cpp
  ZipFile_win.cpp
  ZipFileHeader.cpp
  ZipMemFile.cpp
  ZipPathComponent_lnx.cpp
  ZipPathComponent_win.cpp
  ZipPlatform_lnx.cpp
  ZipPlatform_win.cpp
  ZipPlatformComm.cpp
  ZipStorage.cpp
  ZipString.cpp
  adler32.c
  compress.c
  crc32.c
  deflate.c
  infback.c
  inffast.c
  inflate.c
  inftrees.c
  trees.c
  uncompr.c
  zutil.c
  blocksort.c
  bzcompress.c
  bzlib.c
  crctable.c
  decompress.c
  huffman.c
  randtable.c
C:\Program Files (x86)\Microsoft Visual Studio\2019\Community\MSBuild\Microsoft\VC\v160\Microsoft.CppBuild.targets(1459,5): warning MSB8012: Wartość TargetPath(D:\4.3_NewAce_SourceCode_Full\ProjectsServer\ZipArchive\Release STL MT\ZipArchive.lib) jest niezgodna z wartością właściwości OutputFile obiektu Library (D:\4.3_NewAce_SourceCode_Full\ProjectsServer\Lib\ZipArchive.lib). Może to spowodować, że projekt zostanie niepoprawnie skompilowany. Aby rozwiązać ten problem, upewnij się, że wartości właściwości $(OutDir), $(TargetName) i $(TargetExt) są zgodne z wartością określoną we właściwości %(Lib.OutputFile). 
  ZipArchive.vcxproj -> D:\4.3_NewAce_SourceCode_Full\ProjectsServer\ZipArchive\Release STL MT\ZipArchive.lib
